%!Adobe-FontList 1.16
%Locale:0x419

%BeginFont
Handler:DirectoryHandler
FontType:TrueType
FontName:Arial-BoldMT
FamilyName:Arial
StyleName:Bold
FullName:Arial Bold
MenuName:Arial
StyleBits:2
WritingScript:Roman
OutlineFileName:C:\САЙТЫ ВЁРСТКА\kam-studia.ru\public_html\kam-auto.ru\Page_1\Font\Arial-Bold.ttf
DataFormat:sfntData
FileLength:284560
FileModTime:1364463490
WeightClass:700
WidthClass:5
AngleClass:0
NameArray:0,Mac,4,Arial Bold
NameArray:0,Win,1,Arial
%EndFont

%BeginFont
Handler:DirectoryHandler
FontType:TrueType
FontName:ArialMT
FamilyName:Arial
StyleName:Regular
FullName:Arial
MenuName:Arial
StyleBits:0
WritingScript:Roman
OutlineFileName:C:\САЙТЫ ВЁРСТКА\kam-studia.ru\public_html\kam-auto.ru\Page_1\Font\Arial-Regular.ttf
DataFormat:sfntData
FileLength:273020
FileModTime:1364463490
WeightClass:400
WidthClass:5
AngleClass:0
NameArray:0,Mac,4,Arial
NameArray:0,Win,1,Arial
%EndFont

%BeginFont
Handler:DirectoryHandler
FontType:Invalid
OutlineFileName:C:\САЙТЫ ВЁРСТКА\kam-studia.ru\public_html\kam-auto.ru\Page_1\Font\font.css
FileModTime:1458749081
%EndFont

%BeginFont
Handler:DirectoryHandler
FontType:Type1
FontName:HelveticaNeueCyr-Black
FamilyName:HelveticaNeueCyr
StyleName:Black
FullName:HelveticaNeueCyr-Black
MenuName:HelveticaNeueCyr
StyleBits:2
FamilyNameNative:
StyleNameNative:Black
FullNameNative:
WritingScript:Cyrillic
OutlineFileName:C:\САЙТЫ ВЁРСТКА\kam-studia.ru\public_html\kam-auto.ru\Page_1\Font\helveticaneuecyr-black.otf
DataFormat:sfntData
UsesStandardEncoding:yes
isCFF:yes
FileLength:27196
FileModTime:1458169614
WeightClass:900
WidthClass:5
AngleClass:0
NameArray:0,Mac,4,HelveticaNeueCyr-Black
NameArray:0,Win,1,HelveticaNeueCyr
%EndFont

%BeginFont
Handler:DirectoryHandler
FontType:Type1
FontName:HelveticaNeueCyr-Bold
FamilyName:HelveticaNeueCyr
StyleName:Bold
FullName:HelveticaNeueCyr-Bold
MenuName:HelveticaNeueCyr
StyleBits:2
FamilyNameNative:
StyleNameNative:Bold
FullNameNative:
WritingScript:Cyrillic
OutlineFileName:C:\САЙТЫ ВЁРСТКА\kam-studia.ru\public_html\kam-auto.ru\Page_1\Font\helveticaneuecyr-bold.otf
DataFormat:sfntData
UsesStandardEncoding:yes
isCFF:yes
FileLength:26420
FileModTime:1458169614
WeightClass:700
WidthClass:5
AngleClass:0
NameArray:0,Mac,4,HelveticaNeueCyr-Bold
NameArray:0,Win,1,HelveticaNeueCyr
%EndFont

%BeginFont
Handler:DirectoryHandler
FontType:Type1
FontName:HelveticaNeueCyr-Italic
FamilyName:HelveticaNeueCyr
StyleName:Italic
FullName:HelveticaNeueCyr-Italic
MenuName:HelveticaNeueCyr
StyleBits:1
FamilyNameNative:
StyleNameNative:Italic
FullNameNative:
WritingScript:Cyrillic
OutlineFileName:C:\САЙТЫ ВЁРСТКА\kam-studia.ru\public_html\kam-auto.ru\Page_1\Font\helveticaneuecyr-italic.otf
DataFormat:sfntData
UsesStandardEncoding:yes
isCFF:yes
FileLength:27016
FileModTime:1458169614
WeightClass:550
WidthClass:5
AngleClass:1
NameArray:0,Mac,4,HelveticaNeueCyr-Italic
NameArray:0,Win,1,HelveticaNeueCyr
%EndFont

%BeginFont
Handler:DirectoryHandler
FontType:Type1
FontName:HelveticaNeueCyr-Light
FamilyName:HelveticaNeueCyr
StyleName:Light
FullName:HelveticaNeueCyr-Light
MenuName:HelveticaNeueCyr
StyleBits:0
FamilyNameNative:
StyleNameNative:Light
FullNameNative:
WritingScript:Cyrillic
OutlineFileName:C:\САЙТЫ ВЁРСТКА\kam-studia.ru\public_html\kam-auto.ru\Page_1\Font\helveticaneuecyr-light.otf
DataFormat:sfntData
UsesStandardEncoding:yes
isCFF:yes
FileLength:26060
FileModTime:1458169614
WeightClass:300
WidthClass:5
AngleClass:0
NameArray:0,Mac,4,HelveticaNeueCyr-Light
NameArray:0,Win,1,HelveticaNeueCyr
%EndFont

%BeginFont
Handler:DirectoryHandler
FontType:Type1
FontName:HelveticaNeueCyr-Medium
FamilyName:HelveticaNeueCyr
StyleName:Medium
FullName:HelveticaNeueCyr-Medium
MenuName:HelveticaNeueCyr
StyleBits:0
FamilyNameNative:
StyleNameNative:Medium
FullNameNative:
WritingScript:Cyrillic
OutlineFileName:C:\САЙТЫ ВЁРСТКА\kam-studia.ru\public_html\kam-auto.ru\Page_1\Font\helveticaneuecyr-medium.otf
DataFormat:sfntData
UsesStandardEncoding:yes
isCFF:yes
FileLength:26204
FileModTime:1458169618
WeightClass:550
WidthClass:5
AngleClass:0
NameArray:0,Mac,4,HelveticaNeueCyr-Medium
NameArray:0,Win,1,HelveticaNeueCyr
%EndFont

%BeginFont
Handler:DirectoryHandler
FontType:Type1
FontName:HelveticaNeueCyr-Roman
FamilyName:HelveticaNeueCyr
StyleName:Roman
FullName:HelveticaNeueCyr-Roman
MenuName:HelveticaNeueCyr
StyleBits:0
FamilyNameNative:
StyleNameNative:Roman
FullNameNative:
WritingScript:Cyrillic
OutlineFileName:C:\САЙТЫ ВЁРСТКА\kam-studia.ru\public_html\kam-auto.ru\Page_1\Font\helveticaneuecyr-roman.otf
DataFormat:sfntData
UsesStandardEncoding:yes
isCFF:yes
FileLength:25548
FileModTime:1458169618
WeightClass:400
WidthClass:5
AngleClass:0
NameArray:0,Mac,4,HelveticaNeueCyr-Roman
NameArray:0,Win,1,HelveticaNeueCyr
%EndFont

%BeginFont
Handler:DirectoryHandler
FontType:Type1
FontName:HelveticaNeueCyr-Thin
FamilyName:HelveticaNeueCyr
StyleName:Thin
FullName:HelveticaNeueCyr-Thin
MenuName:HelveticaNeueCyr
StyleBits:0
FamilyNameNative:
StyleNameNative:Thin
FullNameNative:
WritingScript:Cyrillic
OutlineFileName:C:\САЙТЫ ВЁРСТКА\kam-studia.ru\public_html\kam-auto.ru\Page_1\Font\helveticaneuecyr-thin.otf
DataFormat:sfntData
UsesStandardEncoding:yes
isCFF:yes
FileLength:25916
FileModTime:1458169622
WeightClass:100
WidthClass:5
AngleClass:0
NameArray:0,Mac,4,HelveticaNeueCyr-Thin
NameArray:0,Win,1,HelveticaNeueCyr
%EndFont

%BeginFont
Handler:DirectoryHandler
FontType:Type1
FontName:HelveticaNeueCyr-UltraLight
FamilyName:HelveticaNeueCyr
StyleName:UltraLight
FullName:HelveticaNeueCyr-UltraLight
MenuName:HelveticaNeueCyr
StyleBits:0
FamilyNameNative:
StyleNameNative:UltraLight
FullNameNative:
WritingScript:Cyrillic
OutlineFileName:C:\САЙТЫ ВЁРСТКА\kam-studia.ru\public_html\kam-auto.ru\Page_1\Font\helveticaneuecyr-ultralight.otf
DataFormat:sfntData
UsesStandardEncoding:yes
isCFF:yes
FileLength:25528
FileModTime:1458169622
WeightClass:200
WidthClass:5
AngleClass:0
NameArray:0,Mac,4,HelveticaNeueCyr-UltraLight
NameArray:0,Win,1,HelveticaNeueCyr
%EndFont

%BeginFont
Handler:DirectoryHandler
FontType:TrueType
FontName:Lato-Black
FamilyName:Lato
StyleName:Black
FullName:Lato Black
MenuName:Lato Black
StyleBits:0
WritingScript:Roman
OutlineFileName:C:\САЙТЫ ВЁРСТКА\kam-studia.ru\public_html\kam-auto.ru\Page_1\Font\Lato-Black.ttf
DataFormat:sfntData
FileLength:590648
FileModTime:1458169622
WeightClass:900
WidthClass:5
AngleClass:0
NameArray:0,Mac,4,Lato Black
NameArray:0,Win,1,Lato Black
NameArray:0,Win,16,Lato
%EndFont

%BeginFont
Handler:DirectoryHandler
FontType:TrueType
FontName:Lato-BlackItalic
FamilyName:Lato
StyleName:Black Italic
FullName:Lato Black Italic
MenuName:Lato Black
StyleBits:1
WritingScript:Roman
OutlineFileName:C:\САЙТЫ ВЁРСТКА\kam-studia.ru\public_html\kam-auto.ru\Page_1\Font\Lato-BlackItalic.ttf
DataFormat:sfntData
FileLength:649016
FileModTime:1458169624
WeightClass:900
WidthClass:5
AngleClass:1
NameArray:0,Mac,4,Lato Black Italic
NameArray:0,Win,1,Lato Black
NameArray:0,Win,16,Lato
%EndFont

%BeginFont
Handler:DirectoryHandler
FontType:TrueType
FontName:Lato-Bold
FamilyName:Lato
StyleName:Bold
FullName:Lato Bold
MenuName:Lato
StyleBits:2
WritingScript:Roman
OutlineFileName:C:\САЙТЫ ВЁРСТКА\kam-studia.ru\public_html\kam-auto.ru\Page_1\Font\Lato-Bold.ttf
DataFormat:sfntData
FileLength:633240
FileModTime:1458169624
WeightClass:700
WidthClass:5
AngleClass:0
NameArray:0,Mac,4,Lato Bold
NameArray:0,Win,1,Lato
%EndFont

%BeginFont
Handler:DirectoryHandler
FontType:TrueType
FontName:Lato-BoldItalic
FamilyName:Lato
StyleName:Bold Italic
FullName:Lato Bold Italic
MenuName:Lato
StyleBits:3
WritingScript:Roman
OutlineFileName:C:\САЙТЫ ВЁРСТКА\kam-studia.ru\public_html\kam-auto.ru\Page_1\Font\Lato-BoldItalic.ttf
DataFormat:sfntData
FileLength:675284
FileModTime:1458169624
WeightClass:700
WidthClass:5
AngleClass:1
NameArray:0,Mac,4,Lato Bold Italic
NameArray:0,Win,1,Lato
%EndFont

%BeginFont
Handler:DirectoryHandler
FontType:TrueType
FontName:Lato-Heavy
FamilyName:Lato
StyleName:Heavy
FullName:Lato Heavy
MenuName:Lato Heavy
StyleBits:0
WritingScript:Roman
OutlineFileName:C:\САЙТЫ ВЁРСТКА\kam-studia.ru\public_html\kam-auto.ru\Page_1\Font\Lato-Heavy.ttf
DataFormat:sfntData
FileLength:641656
FileModTime:1458169626
WeightClass:800
WidthClass:5
AngleClass:0
NameArray:0,Mac,4,Lato Heavy
NameArray:0,Win,1,Lato Heavy
NameArray:0,Win,16,Lato
%EndFont

%BeginFont
Handler:DirectoryHandler
FontType:TrueType
FontName:Lato-HeavyItalic
FamilyName:Lato
StyleName:Heavy Italic
FullName:Lato Heavy Italic
MenuName:Lato Heavy
StyleBits:1
WritingScript:Roman
OutlineFileName:C:\САЙТЫ ВЁРСТКА\kam-studia.ru\public_html\kam-auto.ru\Page_1\Font\Lato-HeavyItalic.ttf
DataFormat:sfntData
FileLength:675400
FileModTime:1458169626
WeightClass:800
WidthClass:5
AngleClass:1
NameArray:0,Mac,4,Lato Heavy Italic
NameArray:0,Win,1,Lato Heavy
NameArray:0,Win,16,Lato
%EndFont

%BeginFont
Handler:DirectoryHandler
FontType:TrueType
FontName:Lato-Italic
FamilyName:Lato
StyleName:Italic
FullName:Lato Italic
MenuName:Lato
StyleBits:1
WritingScript:Roman
OutlineFileName:C:\САЙТЫ ВЁРСТКА\kam-studia.ru\public_html\kam-auto.ru\Page_1\Font\Lato-Italic.ttf
DataFormat:sfntData
FileLength:699800
FileModTime:1458169628
WeightClass:400
WidthClass:5
AngleClass:1
NameArray:0,Mac,4,Lato Italic
NameArray:0,Win,1,Lato
%EndFont

%BeginFont
Handler:DirectoryHandler
FontType:TrueType
FontName:Lato-Light
FamilyName:Lato
StyleName:Light
FullName:Lato Light
MenuName:Lato Light
StyleBits:0
WritingScript:Roman
OutlineFileName:C:\САЙТЫ ВЁРСТКА\kam-studia.ru\public_html\kam-auto.ru\Page_1\Font\Lato-Light.ttf
DataFormat:sfntData
FileLength:620084
FileModTime:1458169628
WeightClass:300
WidthClass:5
AngleClass:0
NameArray:0,Mac,4,Lato Light
NameArray:0,Win,1,Lato Light
NameArray:0,Win,16,Lato
%EndFont

%BeginFont
Handler:DirectoryHandler
FontType:TrueType
FontName:Lato-LightItalic
FamilyName:Lato
StyleName:Light Italic
FullName:Lato Light Italic
MenuName:Lato Light
StyleBits:1
WritingScript:Roman
OutlineFileName:C:\САЙТЫ ВЁРСТКА\kam-studia.ru\public_html\kam-auto.ru\Page_1\Font\Lato-LightItalic.ttf
DataFormat:sfntData
FileLength:634188
FileModTime:1458169634
WeightClass:300
WidthClass:5
AngleClass:1
NameArray:0,Mac,4,Lato Light Italic
NameArray:0,Win,1,Lato Light
NameArray:0,Win,16,Lato
%EndFont

%BeginFont
Handler:DirectoryHandler
FontType:TrueType
FontName:Lato-Medium
FamilyName:Lato
StyleName:Medium
FullName:Lato Medium
MenuName:Lato Medium
StyleBits:0
WritingScript:Roman
OutlineFileName:C:\САЙТЫ ВЁРСТКА\kam-studia.ru\public_html\kam-auto.ru\Page_1\Font\Lato-Medium.ttf
DataFormat:sfntData
FileLength:612812
FileModTime:1458169634
WeightClass:500
WidthClass:5
AngleClass:0
NameArray:0,Mac,4,Lato Medium
NameArray:0,Win,1,Lato Medium
NameArray:0,Win,16,Lato
%EndFont

%BeginFont
Handler:DirectoryHandler
FontType:TrueType
FontName:Lato-MediumItalic
FamilyName:Lato
StyleName:Medium Italic
FullName:Lato Medium Italic
MenuName:Lato Medium
StyleBits:1
WritingScript:Roman
OutlineFileName:C:\САЙТЫ ВЁРСТКА\kam-studia.ru\public_html\kam-auto.ru\Page_1\Font\Lato-MediumItalic.ttf
DataFormat:sfntData
FileLength:671712
FileModTime:1458169636
WeightClass:500
WidthClass:5
AngleClass:1
NameArray:0,Mac,4,Lato Medium Italic
NameArray:0,Win,1,Lato Medium
NameArray:0,Win,16,Lato
%EndFont

%BeginFont
Handler:DirectoryHandler
FontType:TrueType
FontName:Lato-Regular
FamilyName:Lato
StyleName:Regular
FullName:Lato Regular
MenuName:Lato
StyleBits:0
WritingScript:Roman
OutlineFileName:C:\САЙТЫ ВЁРСТКА\kam-studia.ru\public_html\kam-auto.ru\Page_1\Font\Lato-Regular.ttf
DataFormat:sfntData
FileLength:632632
FileModTime:1458169636
WeightClass:400
WidthClass:5
AngleClass:0
NameArray:0,Mac,4,Lato Regular
NameArray:0,Win,1,Lato
%EndFont

%BeginFont
Handler:DirectoryHandler
FontType:TrueType
FontName:Lato-Semibold
FamilyName:Lato
StyleName:Semibold
FullName:Lato Semibold
MenuName:Lato Semibold
StyleBits:0
WritingScript:Roman
OutlineFileName:C:\САЙТЫ ВЁРСТКА\kam-studia.ru\public_html\kam-auto.ru\Page_1\Font\Lato-Semibold.ttf
DataFormat:sfntData
FileLength:645008
FileModTime:1458169638
WeightClass:600
WidthClass:5
AngleClass:0
NameArray:0,Mac,4,Lato Semibold
NameArray:0,Win,1,Lato Semibold
NameArray:0,Win,16,Lato
%EndFont

%BeginFont
Handler:DirectoryHandler
FontType:TrueType
FontName:Lato-SemiboldItalic
FamilyName:Lato
StyleName:Semibold Italic
FullName:Lato Semibold Italic
MenuName:Lato Semibold
StyleBits:1
WritingScript:Roman
OutlineFileName:C:\САЙТЫ ВЁРСТКА\kam-studia.ru\public_html\kam-auto.ru\Page_1\Font\Lato-SemiboldItalic.ttf
DataFormat:sfntData
FileLength:673940
FileModTime:1458169638
WeightClass:600
WidthClass:5
AngleClass:1
NameArray:0,Mac,4,Lato Semibold Italic
NameArray:0,Win,1,Lato Semibold
NameArray:0,Win,16,Lato
%EndFont

%BeginFont
Handler:DirectoryHandler
FontType:TrueType
FontName:Lato-Thin
FamilyName:Lato
StyleName:Thin
FullName:Lato Thin
MenuName:Lato Thin
StyleBits:0
WritingScript:Roman
OutlineFileName:C:\САЙТЫ ВЁРСТКА\kam-studia.ru\public_html\kam-auto.ru\Page_1\Font\Lato-Thin.ttf
DataFormat:sfntData
FileLength:602232
FileModTime:1458169640
WeightClass:275
WidthClass:5
AngleClass:0
NameArray:0,Mac,4,Lato Thin
NameArray:0,Win,1,Lato Thin
NameArray:0,Win,16,Lato
%EndFont

%BeginFont
Handler:DirectoryHandler
FontType:TrueType
FontName:Lato-ThinItalic
FamilyName:Lato
StyleName:Thin Italic
FullName:Lato Thin Italic
MenuName:Lato Thin
StyleBits:1
WritingScript:Roman
OutlineFileName:C:\САЙТЫ ВЁРСТКА\kam-studia.ru\public_html\kam-auto.ru\Page_1\Font\Lato-ThinItalic.ttf
DataFormat:sfntData
FileLength:630012
FileModTime:1458169642
WeightClass:275
WidthClass:5
AngleClass:1
NameArray:0,Mac,4,Lato Thin Italic
NameArray:0,Win,1,Lato Thin
NameArray:0,Win,16,Lato
%EndFont

%BeginFont
Handler:DirectoryHandler
FontType:Invalid
OutlineFileName:C:\САЙТЫ ВЁРСТКА\kam-studia.ru\public_html\kam-auto.ru\Page_1\Font\stylesheet.css
FileModTime:1458169642
%EndFont

